Archive member included to satisfy reference by file (symbol)

/usr/lib/gcc/i686-w64-mingw32/7.3-win32/../../../../i686-w64-mingw32/lib/../lib/libadvapi32.a(libadvapi32s00704.o)
                              winsecur.o (_imp__SetSecurityDescriptorOwner@12)
/usr/lib/gcc/i686-w64-mingw32/7.3-win32/../../../../i686-w64-mingw32/lib/../lib/libadvapi32.a(libadvapi32s00702.o)
                              winsecur.o (_imp__SetSecurityDescriptorDacl@16)
/usr/lib/gcc/i686-w64-mingw32/7.3-win32/../../../../i686-w64-mingw32/lib/../lib/libadvapi32.a(libadvapi32s00645.o)
                              winstore.o (_imp__RegSetValueExA@24)
/usr/lib/gcc/i686-w64-mingw32/7.3-win32/../../../../i686-w64-mingw32/lib/../lib/libadvapi32.a(libadvapi32s00629.o)
                              wingss.o (_imp__RegQueryValueExA@24)
/usr/lib/gcc/i686-w64-mingw32/7.3-win32/../../../../i686-w64-mingw32/lib/../lib/libadvapi32.a(libadvapi32s00615.o)
                              wingss.o (_imp__RegOpenKeyA@12)
/usr/lib/gcc/i686-w64-mingw32/7.3-win32/../../../../i686-w64-mingw32/lib/../lib/libadvapi32.a(libadvapi32s00597.o)
                              winstore.o (_imp__RegEnumKeyA@16)
/usr/lib/gcc/i686-w64-mingw32/7.3-win32/../../../../i686-w64-mingw32/lib/../lib/libadvapi32.a(libadvapi32s00591.o)
                              winstore.o (_imp__RegDeleteValueA@8)
/usr/lib/gcc/i686-w64-mingw32/7.3-win32/../../../../i686-w64-mingw32/lib/../lib/libadvapi32.a(libadvapi32s00581.o)
                              winstore.o (_imp__RegDeleteKeyA@8)
/usr/lib/gcc/i686-w64-mingw32/7.3-win32/../../../../i686-w64-mingw32/lib/../lib/libadvapi32.a(libadvapi32s00576.o)
                              winstore.o (_imp__RegCreateKeyExA@36)
/usr/lib/gcc/i686-w64-mingw32/7.3-win32/../../../../i686-w64-mingw32/lib/../lib/libadvapi32.a(libadvapi32s00575.o)
                              winmisc.o (_imp__RegCreateKeyA@12)
/usr/lib/gcc/i686-w64-mingw32/7.3-win32/../../../../i686-w64-mingw32/lib/../lib/libadvapi32.a(libadvapi32s00568.o)
                              wingss.o (_imp__RegCloseKey@4)
/usr/lib/gcc/i686-w64-mingw32/7.3-win32/../../../../i686-w64-mingw32/lib/../lib/libadvapi32.a(libadvapi32s00381.o)
                              winsecur.o (_imp__InitializeSecurityDescriptor@8)
/usr/lib/gcc/i686-w64-mingw32/7.3-win32/../../../../i686-w64-mingw32/lib/../lib/libadvapi32.a(libadvapi32s00362.o)
                              winmisc.o (_imp__GetUserNameA@8)
/usr/lib/gcc/i686-w64-mingw32/7.3-win32/../../../../i686-w64-mingw32/lib/../lib/libadvapi32.a(libadvapi32s00310.o)
                              winsecur.o (_imp__GetLengthSid@4)
/usr/lib/gcc/i686-w64-mingw32/7.3-win32/../../../../i686-w64-mingw32/lib/../lib/libadvapi32.a(libadvapi32s00263.o)
                              winnpc.o (_imp__EqualSid@8)
/usr/lib/gcc/i686-w64-mingw32/7.3-win32/../../../../i686-w64-mingw32/lib/../lib/libadvapi32.a(libadvapi32s00118.o)
                              winsecur.o (_imp__CopySid@12)
/usr/lib/gcc/i686-w64-mingw32/7.3-win32/../../../../i686-w64-mingw32/lib/../lib/libadvapi32.a(libadvapi32s00032.o)
                              winsecur.o (_imp__AllocateAndInitializeSid@44)
/usr/lib/gcc/i686-w64-mingw32/7.3-win32/../../../../i686-w64-mingw32/lib/../lib/libadvapi32.a(libadvapi32h.o)
                              /usr/lib/gcc/i686-w64-mingw32/7.3-win32/../../../../i686-w64-mingw32/lib/../lib/libadvapi32.a(libadvapi32s00704.o) (_head_lib32_libadvapi32_a)
/usr/lib/gcc/i686-w64-mingw32/7.3-win32/../../../../i686-w64-mingw32/lib/../lib/libadvapi32.a(libadvapi32t.o)
                              /usr/lib/gcc/i686-w64-mingw32/7.3-win32/../../../../i686-w64-mingw32/lib/../lib/libadvapi32.a(libadvapi32h.o) (_lib32_libadvapi32_a_iname)
/usr/lib/gcc/i686-w64-mingw32/7.3-win32/../../../../i686-w64-mingw32/lib/../lib/libcomdlg32.a(libcomdlg32s00011.o)
                              winutils.o (_imp__GetSaveFileNameA@4)
/usr/lib/gcc/i686-w64-mingw32/7.3-win32/../../../../i686-w64-mingw32/lib/../lib/libcomdlg32.a(libcomdlg32s00009.o)
                              winutils.o (_imp__GetOpenFileNameA@4)
/usr/lib/gcc/i686-w64-mingw32/7.3-win32/../../../../i686-w64-mingw32/lib/../lib/libcomdlg32.a(libcomdlg32s00002.o)
                              winctrls.o (_imp__ChooseFontA@4)
/usr/lib/gcc/i686-w64-mingw32/7.3-win32/../../../../i686-w64-mingw32/lib/../lib/libcomdlg32.a(libcomdlg32s00000.o)
                              winctrls.o (_imp__ChooseColorA@4)
/usr/lib/gcc/i686-w64-mingw32/7.3-win32/../../../../i686-w64-mingw32/lib/../lib/libcomdlg32.a(libcomdlg32h.o)
                              /usr/lib/gcc/i686-w64-mingw32/7.3-win32/../../../../i686-w64-mingw32/lib/../lib/libcomdlg32.a(libcomdlg32s00011.o) (_head_lib32_libcomdlg32_a)
/usr/lib/gcc/i686-w64-mingw32/7.3-win32/../../../../i686-w64-mingw32/lib/../lib/libcomdlg32.a(libcomdlg32t.o)
[...]
Memory Configuration

Name             Origin             Length             Attributes
*default*        0x0000000000000000 0xffffffffffffffff

Linker script and memory map

                0x0000000000400000                __image_base__ = 0x400000
                0x0000000000000000                __dll__ = 0x0
                0x0000000000400000                ___ImageBase = 0x400000
                0x0000000000001000                __section_alignment__ = 0x1000
                0x0000000000000200                __file_alignment__ = 0x200
                0x0000000000000004                __major_os_version__ = 0x4
                0x0000000000000000                __minor_os_version__ = 0x0
                0x0000000000000001                __major_image_version__ = 0x1
                0x0000000000000000                __minor_image_version__ = 0x0
                0x0000000000000004                __major_subsystem_version__ = 0x4
                0x0000000000000000                __minor_subsystem_version__ = 0x0
                0x0000000000000002                __subsystem__ = 0x2
                0x0000000000200000                __size_of_stack_reserve__ = 0x200000
                0x0000000000001000                __size_of_stack_commit__ = 0x1000
                0x0000000000100000                __size_of_heap_reserve__ = 0x100000
                0x0000000000001000                __size_of_heap_commit__ = 0x1000
                0x0000000000000000                __loader_flags__ = 0x0
                0x0000000000000140                __dll_characteristics__ = 0x140
LOAD /usr/lib/gcc/i686-w64-mingw32/7.3-win32/../../../../i686-w64-mingw32/lib/../lib/crt2.o
LOAD /usr/lib/gcc/i686-w64-mingw32/7.3-win32/crtbegin.o
LOAD agentf.o
LOAD aqsync.o
LOAD be_all_s.o
LOAD be_misc.o
LOAD callback.o
LOAD cmdline.o
LOAD conf.o
LOAD config.o
LOAD cproxy.o
LOAD dialog.o
LOAD ecc.o
LOAD errsock.o
LOAD ldisc.o
LOAD logging.o
LOAD mainchan.o
LOAD marshal.o
LOAD memory.o
LOAD minibidi.o
LOAD misc.o
LOAD miscucs.o
LOAD mpint.o
LOAD nullplug.o
LOAD pgssapi.o
LOAD pinger.o
LOAD portfwd.o
LOAD proxy.o
LOAD putty.res.o
LOAD raw.o
LOAD rlogin.o
LOAD sercfg.o
LOAD sessprep.o
LOAD settings.o
LOAD sizetip.o
LOAD ssh.o
LOAD ssh1bpp.o
LOAD ssh1censor.o
LOAD ssh1connection.o
LOAD ssh1connection-client.o
LOAD ssh1login.o
LOAD ssh2bpp.o
LOAD ssh2bpp-bare.o
LOAD ssh2censor.o
LOAD ssh2connection.o
LOAD ssh2connection-client.o
LOAD ssh2kex-client.o
LOAD ssh2transhk.o
LOAD ssh2transport.o
LOAD ssh2userauth.o
LOAD sshaes.o
LOAD ssharcf.o
LOAD sshauxcrypt.o
LOAD sshblowf.o
LOAD sshccp.o
LOAD sshcommon.o
LOAD sshcrc.o
LOAD sshcrcda.o
LOAD sshdes.o
LOAD sshdh.o
LOAD sshdss.o
LOAD sshecc.o
LOAD sshgssc.o
LOAD sshhmac.o
LOAD sshmac.o
LOAD sshmd5.o
LOAD sshprng.o
LOAD sshpubk.o
LOAD sshrand.o
LOAD sshrsa.o
LOAD sshsh256.o
LOAD sshsh512.o
LOAD sshsha.o
LOAD sshshare.o
LOAD sshverstring.o
LOAD sshzlib.o
LOAD stripctrl.o
LOAD telnet.o
LOAD terminal.o
LOAD timing.o
LOAD tree234.o
LOAD utils.o
LOAD version.o
LOAD wcwidth.o
LOAD wildcard.o
LOAD wincapi.o
LOAD wincfg.o
LOAD winctrls.o
LOAD windefs.o
LOAD windlg.o
LOAD window.o
LOAD wingss.o
LOAD winhandl.o
LOAD winhelp.o
LOAD winhsock.o
LOAD winjump.o
LOAD winmisc.o
LOAD winmiscs.o
LOAD winnet.o
LOAD winnoise.o
LOAD winnpc.o
LOAD winnps.o
LOAD winpgntc.o
LOAD winprint.o
LOAD winproxy.o
LOAD winsecur.o
LOAD winser.o
LOAD winshare.o
LOAD winstore.o
LOAD wintime.o
LOAD winucs.o
LOAD winutils.o
LOAD winx11.o
LOAD cencode.o
LOAD cdecode.o
LOAD x11fwd.o
LOAD /usr/lib/gcc/i686-w64-mingw32/7.3-win32/../../../../i686-w64-mingw32/lib/../lib/libadvapi32.a
LOAD /usr/lib/gcc/i686-w64-mingw32/7.3-win32/../../../../i686-w64-mingw32/lib/../lib/libcomdlg32.a
LOAD /usr/lib/gcc/i686-w64-mingw32/7.3-win32/../../../../i686-w64-mingw32/lib/../lib/libgdi32.a
LOAD /usr/lib/gcc/i686-w64-mingw32/7.3-win32/../../../../i686-w64-mingw32/lib/../lib/libimm32.a
LOAD /usr/lib/gcc/i686-w64-mingw32/7.3-win32/../../../../i686-w64-mingw32/lib/../lib/libole32.a
LOAD /usr/lib/gcc/i686-w64-mingw32/7.3-win32/../../../../i686-w64-mingw32/lib/../lib/libshell32.a
LOAD /usr/lib/gcc/i686-w64-mingw32/7.3-win32/../../../../i686-w64-mingw32/lib/../lib/libuser32.a
LOAD /usr/lib/gcc/i686-w64-mingw32/7.3-win32/../../../../i686-w64-mingw32/lib/../lib/libmingw32.a
LOAD /usr/lib/gcc/i686-w64-mingw32/7.3-win32/libgcc.a
LOAD /usr/lib/gcc/i686-w64-mingw32/7.3-win32/libgcc_eh.a
LOAD /usr/lib/gcc/i686-w64-mingw32/7.3-win32/../../../../i686-w64-mingw32/lib/../lib/libmoldname.a
LOAD /usr/lib/gcc/i686-w64-mingw32/7.3-win32/../../../../i686-w64-mingw32/lib/../lib/libmingwex.a
LOAD /usr/lib/gcc/i686-w64-mingw32/7.3-win32/../../../../i686-w64-mingw32/lib/../lib/libmsvcrt.a
LOAD /usr/lib/gcc/i686-w64-mingw32/7.3-win32/../../../../i686-w64-mingw32/lib/../lib/libgdi32.a
LOAD /usr/lib/gcc/i686-w64-mingw32/7.3-win32/../../../../i686-w64-mingw32/lib/../lib/libcomdlg32.a
LOAD /usr/lib/gcc/i686-w64-mingw32/7.3-win32/../../../../i686-w64-mingw32/lib/../lib/libadvapi32.a
LOAD /usr/lib/gcc/i686-w64-mingw32/7.3-win32/../../../../i686-w64-mingw32/lib/../lib/libshell32.a
LOAD /usr/lib/gcc/i686-w64-mingw32/7.3-win32/../../../../i686-w64-mingw32/lib/../lib/libuser32.a
LOAD /usr/lib/gcc/i686-w64-mingw32/7.3-win32/../../../../i686-w64-mingw32/lib/../lib/libkernel32.a
LOAD /usr/lib/gcc/i686-w64-mingw32/7.3-win32/../../../../i686-w64-mingw32/lib/../lib/libmingw32.a
LOAD /usr/lib/gcc/i686-w64-mingw32/7.3-win32/libgcc.a
LOAD /usr/lib/gcc/i686-w64-mingw32/7.3-win32/libgcc_eh.a
LOAD /usr/lib/gcc/i686-w64-mingw32/7.3-win32/../../../../i686-w64-mingw32/lib/../lib/libmoldname.a
LOAD /usr/lib/gcc/i686-w64-mingw32/7.3-win32/../../../../i686-w64-mingw32/lib/../lib/libmingwex.a
LOAD /usr/lib/gcc/i686-w64-mingw32/7.3-win32/../../../../i686-w64-mingw32/lib/../lib/libmsvcrt.a
LOAD /usr/lib/gcc/i686-w64-mingw32/7.3-win32/crtend.o
                0x00000000000002b8                . = SIZEOF_HEADERS
                0x0000000000001000                . = ALIGN (__section_alignment__)

.text           0x0000000000401000    0xb1c00
 *(.init)
 *(.text)
 .text          0x0000000000401000      0x500 /usr/lib/gcc/i686-w64-mingw32/7.3-win32/../../../../i686-w64-mingw32/lib/../lib/crt2.o
                0x00000000004014c0                WinMainCRTStartup
                0x00000000004014e0                mainCRTStartup
 .text          0x0000000000401500       0x30 /usr/lib/gcc/i686-w64-mingw32/7.3-win32/crtbegin.o
                0x0000000000401500                __gcc_register_frame
                0x0000000000401520                __gcc_deregister_frame
 .text          0x0000000000401530      0x3c0 agentf.o
                0x0000000000401890                agentf_new
 .text          0x00000000004018f0       0x60 aqsync.o
                0x00000000004018f0                agent_query_synchronous
 .text          0x0000000000401950        0x0 be_all_s.o
 .text          0x0000000000401950      0x440 be_misc.o
                0x0000000000401950                backend_socket_log
                0x0000000000401b10                psb_init
                0x0000000000401b20                log_proxy_stderr
 .text          0x0000000000401d90      0x210 callback.o
                0x0000000000401db0                request_callback_notifications
                0x0000000000401dd0                delete_callbacks_for_context
                0x0000000000401e50                queue_toplevel_callback
                0x0000000000401ef0                queue_idempotent_callback
                0x0000000000401f20                run_toplevel_callbacks
                0x0000000000401f80                toplevel_callback_pending
 .text          0x0000000000401fa0     0x24d0 cmdline.o
                0x0000000000402040                cmdline_cleanup
                0x00000000004020e0                cmdline_get_passwd_input
                0x0000000000402170                cmdline_process_param
                0x0000000000404380                cmdline_run_saved
                0x0000000000404410                cmdline_host_ok
 .text          0x0000000000404470     0x1320 conf.o
                0x0000000000404680                conf_new
                0x00000000004046c0                conf_free
                0x00000000004046f0                conf_copy_into
                0x0000000000404850                conf_copy
                0x0000000000404880                conf_get_bool
                0x0000000000404940                conf_get_int
                0x0000000000404a00                conf_get_int_int
                0x0000000000404ac0                conf_get_str
                0x0000000000404b80                conf_get_str_str_opt
                0x0000000000404c20                conf_get_str_str
                0x0000000000404c80                conf_get_str_strs
                0x0000000000404d60                conf_get_str_nthstrkey
                0x0000000000404e30                conf_get_filename
                0x0000000000404ef0                conf_get_fontspec
                0x0000000000404fb0                conf_set_bool
                0x0000000000405050                conf_set_int
                0x00000000004050f0                conf_set_int_int
                0x00000000004051a0                conf_set_str
                0x0000000000405240                conf_set_str_str
                0x00000000004052f0                conf_del_str_str
                0x0000000000405390                conf_set_filename
                0x0000000000405430                conf_set_fontspec
                0x00000000004054d0                conf_serialise
                0x0000000000405610                conf_deserialise
 .text          0x0000000000405790     0x8a10 config.o
                0x0000000000405790                conf_checkbox_handler
                0x0000000000405870                conf_editbox_handler
                0x0000000000405a40                conf_filesel_handler
                0x0000000000405ad0                conf_fontsel_handler
                0x0000000000405b60                config_protocolbuttons_handler
                0x00000000004076f0                conf_radiobutton_handler
                0x00000000004078e0                conf_radiobutton_bool_handler
                0x00000000004086a0                setup_config_box
 .text          0x000000000040e1a0      0x4d0 cproxy.o
                0x000000000040e1a0                proxy_socks5_offerencryptedauth
                0x000000000040e1c0                proxy_socks5_handlechap
                0x000000000040e4d0                proxy_socks5_selectchap
 .text          0x000000000040e670      0xe40 dialog.o
                0x000000000040e720                I
                0x000000000040e730                P
                0x000000000040e740                ctrl_path_elements
                0x000000000040e780                ctrl_path_compare
                0x000000000040e830                ctrl_new_box
                0x000000000040e890                ctrl_find_path
                0x000000000040e8f0                ctrl_settitle
                0x000000000040e9e0                ctrl_getset
                0x000000000040eb80                ctrl_alloc_with_free
                0x000000000040ec20                ctrl_alloc
                0x000000000040ec50                ctrl_columns
                0x000000000040ed20                ctrl_editbox
                0x000000000040ed90                ctrl_combobox
                0x000000000040ee00                ctrl_radiobuttons
                0x000000000040ef80                ctrl_pushbutton
                0x000000000040efe0                ctrl_listbox
                0x000000000040f060                ctrl_droplist
                0x000000000040f0e0                ctrl_draglist
                0x000000000040f160                ctrl_filesel
                0x000000000040f1e0                ctrl_fontsel
                0x000000000040f230                ctrl_tabdelay
                0x000000000040f260                ctrl_text
                0x000000000040f2a0                ctrl_checkbox
                0x000000000040f2f0                ctrl_free
                0x000000000040f3c0                ctrl_free_set
                0x000000000040f430                ctrl_free_box
 .text          0x000000000040f4b0     0x2ce0 ecc.o
                0x000000000040f740                ecc_weierstrass_curve
                0x000000000040f7e0                ecc_weierstrass_curve_free
                0x000000000040f830                ecc_weierstrass_point_new
                0x000000000040f880                ecc_weierstrass_point_new_identity
                0x000000000040f900                ecc_weierstrass_point_copy_into
                0x000000000040f950                ecc_weierstrass_point_copy
                0x000000000040f9d0                ecc_weierstrass_point_free
                0x000000000040fa20                ecc_weierstrass_point_new_from_x
                0x000000000040fbb0                ecc_weierstrass_add
                0x000000000040ffd0                ecc_weierstrass_double
                0x00000000004102f0                ecc_weierstrass_add_general
                0x00000000004109b0                ecc_weierstrass_multiply
                0x0000000000410ad0                ecc_weierstrass_is_identity
                0x0000000000410b00                ecc_weierstrass_get_affine
                0x0000000000410c10                ecc_weierstrass_point_valid
                0x0000000000410dd0                ecc_montgomery_curve
                0x0000000000410ee0                ecc_montgomery_curve_free
                0x0000000000410f30                ecc_montgomery_point_new
                0x0000000000410fa0                ecc_montgomery_point_copy_into
                0x0000000000410fe0                ecc_montgomery_point_copy
                0x0000000000411040                ecc_montgomery_point_free
                0x0000000000411080                ecc_montgomery_diff_add
                0x00000000004112d0                ecc_montgomery_double
                0x0000000000411490                ecc_montgomery_multiply
                0x0000000000411660                ecc_montgomery_get_affine
                0x00000000004116f0                ecc_edwards_curve
                0x0000000000411790                ecc_edwards_curve_free
                0x00000000004117e0                ecc_edwards_point_new
                0x0000000000411830                ecc_edwards_point_copy_into
                0x0000000000411890                ecc_edwards_point_copy
                0x0000000000411920                ecc_edwards_point_free
                0x0000000000411970                ecc_edwards_point_new_from_y
                0x0000000000411b50                ecc_edwards_add
                0x0000000000411e70                ecc_edwards_multiply
                0x0000000000411fa0                ecc_edwards_eq
                0x00000000004120b0                ecc_edwards_get_affine
 .text          0x0000000000412190       0xc0 errsock.o
                0x0000000000412200                new_error_socket_fmt
 .text          0x0000000000412250      0xdb0 ldisc.o
                0x00000000004123f0                ldisc_configure
                0x0000000000412470                ldisc_create
                0x0000000000412500                ldisc_free
                0x0000000000412550                ldisc_echoedit_update
                0x00000000004125d0                ldisc_send
 .text          0x0000000000413000     0x1130 logging.o
                0x0000000000413060                logflush
                0x0000000000413080                logfopen
                0x0000000000413800                logfclose
                0x0000000000413830                logtraffic
                0x0000000000413870                logevent
                0x0000000000413930                logevent_and_free
                0x0000000000413960                logeventvf
                0x00000000004139a0                logeventf
                0x00000000004139d0                log_packet
                0x0000000000413f40                log_init
                0x0000000000413fc0                log_free
                0x0000000000414020                log_reconfig
 .text          0x0000000000414130     0x1110 mainchan.o
                0x00000000004145f0                mainchan_new
                0x0000000000414750                mainchan_get_specials
                0x0000000000414940                mainchan_special_cmd
                0x0000000000415200                mainchan_terminal_size
 .text          0x0000000000415240      0x690 marshal.o
                0x00000000004152a0                BinarySink_put_data
                0x00000000004152b0                BinarySink_put_datapl
                0x00000000004152c0                BinarySink_put_padding
                0x0000000000415320                BinarySink_put_byte
                0x0000000000415350                BinarySink_put_bool
                0x0000000000415380                BinarySink_put_uint16
                0x00000000004153b0                BinarySink_put_uint32
                0x00000000004153f0                BinarySink_put_uint64
                0x0000000000415460                BinarySink_put_string
                0x00000000004154c0                BinarySink_put_stringpl
                0x00000000004154d0                BinarySink_put_stringz
                0x0000000000415500                BinarySink_put_stringsb
                0x0000000000415530                BinarySink_put_asciz
                0x0000000000415560                BinarySink_put_pstring
                0x00000000004155c0                BinarySource_get_data
                0x0000000000415600                BinarySource_get_byte
                0x0000000000415640                BinarySource_get_bool
                0x0000000000415680                BinarySource_get_uint16
                0x00000000004156c0                BinarySource_get_uint32
                0x0000000000415700                BinarySource_get_uint64
                0x0000000000415740                BinarySource_get_string
                0x00000000004157b0                BinarySource_get_asciz
                0x0000000000415820                BinarySource_get_pstring
                0x0000000000415890                stdio_sink_init
                0x00000000004158b0                bufchain_sink_init
 .text          0x00000000004158d0      0x250 memory.o
                0x00000000004158d0                safemalloc
                0x0000000000415910                saferealloc
                0x0000000000415960                safefree
                0x0000000000415980                safegrowarray
 .text          0x0000000000415b20     0x2320 minibidi.o
                0x0000000000415b20                is_rtl
                0x0000000000415b80                do_shape
                0x0000000000415f00                do_bidi
 .text          0x0000000000417e40      0x7b0 misc.o
                0x0000000000417ec0                seat_connection_fatal
                0x0000000000417f00                new_prompts
                0x0000000000417f60                add_prompt
                0x0000000000417ff0                prompt_ensure_result_size
                0x0000000000418010                prompt_set_result
                0x0000000000418050                free_prompts
                0x00000000004180d0                conf_launchable
                0x0000000000418130                conf_dest
                0x0000000000418180                validate_manual_hostkey
                0x00000000004183b0                buildinfo
                0x0000000000418460                nullseat_output
                0x0000000000418470                nullseat_eof
                0x0000000000418480                nullseat_get_userpass_input
                0x0000000000418490                nullseat_notify_remote_exit
                0x00000000004184a0                nullseat_connection_fatal
                0x00000000004184b0                nullseat_update_specials_menu
                0x00000000004184c0                nullseat_get_ttymode
                0x00000000004184d0                nullseat_set_busy_status
                0x00000000004184e0                nullseat_verify_ssh_host_key
                0x00000000004184f0                nullseat_confirm_weak_crypto_primitive
                0x0000000000418500                nullseat_confirm_weak_cached_hostkey
                0x0000000000418510                nullseat_is_never_utf8
                0x0000000000418520                nullseat_is_always_utf8
                0x0000000000418530                nullseat_echoedit_update
                0x0000000000418540                nullseat_get_x_display
                0x0000000000418550                nullseat_get_windowid
                0x0000000000418560                nullseat_get_window_pixel_size
                0x0000000000418570                nullseat_stripctrl_new
                0x0000000000418580                nullseat_set_trust_status
                0x0000000000418590                nullseat_set_trust_status_vacuously
                0x00000000004185a0                sk_free_peer_info
                0x00000000004185e0                out_of_memory
 .text          0x00000000004185f0       0xc0 miscucs.o
                0x00000000004185f0                dup_mb_to_wc_c
                0x0000000000418670                dup_mb_to_wc
 .text          0x00000000004186b0     0x4620 mpint.o
                0x0000000000419030                mp_new
                0x0000000000419040                mp_from_integer
                0x00000000004190a0                mp_max_bytes
                0x00000000004190b0                mp_max_bits
                0x00000000004190c0                mp_free
                0x0000000000419100                mp_dump
                0x00000000004191a0                mp_copy_into
                0x00000000004191f0                mp_select_into
                0x0000000000419270                mp_cond_swap
                0x00000000004192f0                mp_clear
                0x0000000000419310                mp_cond_clear
                0x0000000000419340                mp_from_bytes_le
                0x0000000000419360                mp_from_bytes_be
                0x0000000000419380                mp_from_hex_pl
                0x0000000000419490                mp_from_hex
                0x00000000004194c0                mp_copy
                0x00000000004194d0                mp_get_byte
                0x0000000000419500                mp_get_bit
                0x0000000000419530                mp_get_integer
                0x0000000000419560                mp_set_bit
                0x00000000004195c0                mp_get_nbits
                0x0000000000419670                mp_get_hex
                0x0000000000419680                mp_get_hex_uppercase
                0x0000000000419690                BinarySink_put_mp_ssh1
                0x0000000000419740                BinarySink_put_mp_ssh2
                0x00000000004197c0                BinarySource_get_mp_ssh1
                0x0000000000419850                BinarySource_get_mp_ssh2
                0x00000000004198c0                mp_add_into
                0x0000000000419900                mp_sub_into
                0x0000000000419940                mp_and_into
                0x00000000004199a0                mp_or_into
                0x0000000000419a00                mp_xor_into
                0x0000000000419a60                mp_bic_into
                0x0000000000419ac0                mp_add_integer_into
                0x0000000000419b90                mp_sub_integer_into
                0x0000000000419c40                mp_mul_integer_into
                0x0000000000419ce0                mp_from_decimal_pl
                0x0000000000419db0                mp_from_decimal
                0x0000000000419de0                mp_cond_add_into
                0x0000000000419e20                mp_cond_sub_into
                0x0000000000419e60                mp_cmp_hs
                0x000000000041a060                mp_hs_integer
                0x000000000041a110                mp_cmp_eq
                0x000000000041a190                mp_eq_integer
                0x000000000041a210                mp_neg_into
                0x000000000041a250                mp_add
                0x000000000041a2a0                mp_sub
                0x000000000041a2f0                mp_neg
                0x000000000041a340                mp_mul_into
                0x000000000041a3a0                mp_mul
                0x000000000041a3e0                mp_lshift_fixed_into
                0x000000000041a4c0                mp_rshift_fixed_into
                0x000000000041a580                mp_get_decimal
                0x000000000041a7f0                mp_rshift_fixed
                0x000000000041a840                mp_rshift_safe
                0x000000000041a9b0                mp_reduce_mod_2to
                0x000000000041a9e0                mp_invert_mod_2to
                0x000000000041ae60                monty_free
                0x000000000041aed0                monty_mul_into
                0x000000000041afd0                monty_mul
                0x000000000041b010                monty_modulus
                0x000000000041b020                monty_identity
                0x000000000041b030                monty_export_into
                0x000000000041b0c0                monty_export
                0x000000000041b0f0                monty_pow
                0x000000000041b200                mp_invert
                0x000000000041b680                monty_invert
                0x000000000041b6e0                mp_divmod_into
                0x000000000041c020                mp_div
                0x000000000041c060                mp_mod
                0x000000000041c0a0                mp_modmul
                0x000000000041c0e0                monty_new
                0x000000000041c200                monty_import
                0x000000000041c230                monty_import_into
                0x000000000041c280                mp_modpow
                0x000000000041c360                mp_modadd
                0x000000000041c3a0                mp_modsub
                0x000000000041c510                monty_add
                0x000000000041c590                monty_sub
                0x000000000041c620                mp_min_into
                0x000000000041c660                mp_max_into
                0x000000000041c6a0                mp_min
                0x000000000041c6e0                mp_max
                0x000000000041c720                mp_power_2
                0x000000000041c760                modsqrt_new
                0x000000000041c850                modsqrt_free
                0x000000000041c8b0                monty_modsqrt
                0x000000000041cb40                mp_modsqrt
                0x000000000041cbc0                mp_random_bits_fn
                0x000000000041cc40                mp_random_in_range_fn
 .text          0x000000000041ccd0       0x40 nullplug.o
 .text          0x000000000041cd10        0x0 pgssapi.o
 .text          0x000000000041cd10      0x190 pinger.o
                0x000000000041cdc0                pinger_new
                0x000000000041ce20                pinger_reconfig
                0x000000000041ce80                pinger_free
 .text          0x000000000041cea0     0x1fb0 portfwd.o
                0x000000000041dbe0                portfwd_raw_new
                0x000000000041dc60                portfwd_raw_free
                0x000000000041ddb0                portfwd_raw_setup
                0x000000000041ddf0                pfr_free
                0x000000000041de40                portfwdmgr_new
                0x000000000041de90                portfwdmgr_close
                0x000000000041ded0                portfwdmgr_close_all
                0x000000000041df10                portfwdmgr_free
                0x000000000041df50                portfwdmgr_config
                0x000000000041ea90                portfwdmgr_listen
                0x000000000041ec20                portfwdmgr_unlisten
                0x000000000041ecc0                portfwdmgr_connect
 .text          0x000000000041ee50     0x28d0 proxy.o
                0x000000000041f6d0                proxy_activate
                0x000000000041f7f0                proxy_http_negotiate
                0x000000000041fd30                proxy_socks4_negotiate
                0x0000000000420050                proxy_socks5_negotiate
                0x0000000000420870                name_lookup
                0x00000000004209b0                new_connection
                0x0000000000420f50                new_listener
                0x0000000000420f70                format_telnet_command
                0x00000000004214a0                proxy_telnet_negotiate
 .text          0x0000000000421720      0x530 raw.o
 .text          0x0000000000421c50      0x820 rlogin.o
 .text          0x0000000000422470      0x690 sercfg.o
                0x0000000000422760                ser_setup_config_box
 .text          0x0000000000422b00       0xf0 sessprep.o
                0x0000000000422b00                prepare_session
 .text          0x0000000000422bf0     0x55e0 settings.o
                0x0000000000423940                backend_vt_from_name
                0x0000000000423990                backend_vt_from_proto
                0x00000000004239c0                get_remote_username
                0x0000000000423a20                save_open_settings
                0x0000000000425cb0                save_settings
                0x0000000000425d00                load_open_settings
                0x0000000000427f70                load_settings
                0x0000000000427fe0                do_defaults
                0x0000000000427ff0                get_sesslist
 .text          0x00000000004281d0      0x620 sizetip.o
                0x0000000000428510                UpdateSizeTip
                0x00000000004287a0                EnableSizeTip
 .text          0x00000000004287f0     0x1940 ssh.o
                0x0000000000429a60                ssh_get_logctx
                0x0000000000429a70                ssh_check_frozen
                0x0000000000429cc0                ssh_conn_processed_data
                0x0000000000429cd0                ssh_remote_error
                0x0000000000429da0                ssh_remote_eof
                0x0000000000429e20                ssh_proto_error
                0x0000000000429ec0                ssh_sw_abort
                0x0000000000429f50                ssh_deferred_abort_callback
                0x0000000000429f90                ssh_user_close
                0x000000000042a010                ssh_sw_abort_deferred
                0x000000000042a060                ssh_throttle_conn
                0x000000000042a0e0                ssh_ldisc_update
                0x000000000042a100                ssh_got_exitcode
                0x000000000042a110                ssh_fallback_cmd
                0x000000000042a120                ssh_got_fallback_cmd
 .text          0x000000000042a130      0xae0 ssh1bpp.o
                0x000000000042a4a0                ssh1_bpp_new
                0x000000000042a510                ssh1_bpp_new_cipher
                0x000000000042a680                ssh1_bpp_start_compression
 .text          0x000000000042ac10      0x150 ssh1censor.o
                0x000000000042ac10                ssh1_censor_packet
 .text          0x000000000042ad60     0x1030 ssh1connection.o
                0x000000000042b280                ssh1_channel_free
                0x000000000042b600                ssh1_connection_new
                0x000000000042b6d0                ssh1_connection_set_protoflags
                0x000000000042b710                ssh1_check_termination
                0x000000000042bc50                ssh1_channel_init
 .text          0x000000000042bd90      0xeb0 ssh1connection-client.o
                0x000000000042c420                ssh1_connection_direction_specific_setup
                0x000000000042c480                ssh1_handle_direction_specific_packet
                0x000000000042ca60                ssh1_session_open
                0x000000000042caa0                ssh1_rportfwd_alloc
                0x000000000042cbb0                ssh1_serverside_x11_open
                0x000000000042cbe0                ssh1_serverside_agent_open
                0x000000000042cc10                ssh1_connection_need_antispoof_prompt
 .text          0x000000000042cc40     0x2790 ssh1login.o
                0x000000000042f330                ssh1_login_new
 .text          0x000000000042f3d0     0x17b0 ssh2bpp.o
                0x00000000004306c0                ssh2_bpp_new
                0x0000000000430740                ssh2_bpp_new_outgoing_crypto
                0x0000000000430950                ssh2_bpp_new_incoming_crypto
                0x0000000000430b40                ssh2_bpp_rekey_inadvisable
 .text          0x0000000000430b80      0x4d0 ssh2bpp-bare.o
                0x0000000000430fe0                ssh2_bare_bpp_new
 .text          0x0000000000431050      0x2a0 ssh2censor.o
                0x0000000000431050                ssh2_censor_packet
 .text          0x00000000004312f0     0x2720 ssh2connection.o
                0x0000000000432070                ssh2_queue_global_request_handler
                0x00000000004320f0                ssh2_connection_new
                0x00000000004321f0                ssh2_channel_init
                0x0000000000432370                ssh2_chanopen_init
                0x00000000004323e0                ssh2_chanreq_init
 .text          0x0000000000433a10      0xfe0 ssh2connection-client.o
                0x0000000000433b50                ssh2_connection_parse_channel_open
                0x0000000000433f70                ssh2_connection_parse_global_request
                0x0000000000433f80                ssh2_portfwd_chanopen
                0x0000000000434030                ssh2_rportfwd_alloc
                0x0000000000434190                ssh2_rportfwd_remove
                0x0000000000434280                ssh2_session_open
                0x0000000000434310                ssh2_serverside_x11_open
                0x0000000000434340                ssh2_serverside_agent_open
                0x0000000000434370                ssh2channel_start_shell
                0x00000000004343d0                ssh2channel_start_command
                0x0000000000434440                ssh2channel_start_subsystem
                0x00000000004344b0                ssh2channel_send_exit_status
                0x00000000004344e0                ssh2channel_send_exit_signal
                0x0000000000434510                ssh2channel_send_exit_signal_numeric
                0x0000000000434540                ssh2channel_request_x11_forwarding
                0x0000000000434600                ssh2channel_request_agent_forwarding
                0x0000000000434660                ssh2channel_request_pty
                0x00000000004347b0                ssh2channel_send_env_var
                0x0000000000434840                ssh2channel_send_serial_break
                0x00000000004348b0                ssh2channel_send_signal
                0x0000000000434920                ssh2channel_send_terminal_size_change
                0x00000000004349c0                ssh2_connection_need_antispoof_prompt
 .text          0x00000000004349f0     0x1d80 ssh2kex-client.o
                0x00000000004349f0                ssh2kex_coroutine
 .text          0x0000000000436770      0x270 ssh2transhk.o
                0x00000000004367b0                ssh_transient_hostkey_cache_new
                0x00000000004367f0                ssh_transient_hostkey_cache_free
                0x0000000000436850                ssh_transient_hostkey_cache_add
                0x0000000000436910                ssh_transient_hostkey_cache_verify
                0x0000000000436990                ssh_transient_hostkey_cache_has
                0x00000000004369c0                ssh_transient_hostkey_cache_non_empty
 .text          0x00000000004369e0     0x3700 ssh2transport.o
                0x0000000000436a40                ssh2_transport_dialog_callback
                0x0000000000437890                ssh2_transport_new
                0x0000000000437ac0                ssh2_common_filter_queue
                0x0000000000437cb0                ssh2_transport_pop
                0x0000000000439fa0                ssh2transport_finalise_exhash
                0x000000000043a020                ssh2_transport_get_session_id
                0x000000000043a090                ssh2_transport_notify_auth_done
 .text          0x000000000043a0e0     0x3680 ssh2userauth.o
                0x000000000043d610                ssh2_userauth_new
                0x000000000043d750                ssh2_userauth_set_transport_layer
 .text          0x000000000043d760     0x6ff0 sshaes.o
 .text          0x0000000000444750      0x260 ssharcf.o
 .text          0x00000000004449b0      0x4c0 sshauxcrypt.o
                0x0000000000444b90                aes256_encrypt_pubkey
                0x0000000000444bd0                aes256_decrypt_pubkey
                0x0000000000444c10                des3_decrypt_pubkey
                0x0000000000444c50                des3_encrypt_pubkey
                0x0000000000444c90                des3_decrypt_pubkey_ossh
                0x0000000000444cd0                des3_encrypt_pubkey_ossh
                0x0000000000444d10                des_encrypt_xdmauth
                0x0000000000444d50                des_decrypt_xdmauth
                0x0000000000444d90                hash_simple
                0x0000000000444de0                mac_simple
 .text          0x0000000000444e70     0x11c0 sshblowf.o
                0x0000000000445a90                blowfish_lsb_encrypt_ecb
                0x0000000000445b40                blowfish_initkey
                0x0000000000445bc0                blowfish_expandkey
                0x0000000000445ff0                blowfish_make_context
                0x0000000000446020                blowfish_free_context
 .text          0x0000000000446030     0x1220 sshccp.o
 .text          0x0000000000447250     0x1be0 sshcommon.o
                0x00000000004472b0                chan_no_exit_status
                0x00000000004472c0                chan_no_exit_signal
                0x00000000004472d0                chan_no_exit_signal_numeric
                0x00000000004472e0                chan_no_run_shell
                0x00000000004472f0                chan_no_run_command
                0x0000000000447300                chan_no_enable_x11_forwarding
                0x0000000000447310                chan_no_allocate_pty
                0x0000000000447320                chan_no_set_env
                0x0000000000447330                chan_no_send_break
                0x0000000000447340                chan_no_change_window_size
                0x00000000004474d0                chan_no_request_response
                0x0000000000447660                chan_no_run_subsystem
                0x00000000004476a0                chan_no_send_signal
                0x00000000004476b0                chan_no_enable_agent_forwarding
                0x00000000004476c0                pq_base_push
                0x0000000000447710                pq_base_push_front
                0x0000000000447760                pq_in_init
                0x0000000000447780                pq_out_init
                0x00000000004477a0                pq_in_clear
                0x00000000004477d0                pq_out_clear
                0x0000000000447820                pq_base_concatenate
                0x0000000000447970                ssh_new_packet
                0x00000000004479e0                ssh_free_pktout
                0x0000000000447a00                zombiechan_new
                0x0000000000447a30                chan_remotely_opened_confirmation
                0x0000000000447a60                chan_remotely_opened_failure
                0x0000000000447a90                chan_default_want_close
                0x0000000000447aa0                get_ttymodes_from_conf
                0x0000000000447d50                read_ttymodes_from_packet
                0x0000000000447e40                write_ttymodes_to_packet
                0x0000000000447f40                alloc_channel_id_general
                0x0000000000447fb0                add_to_commasep
                0x0000000000448000                get_commasep_word
                0x0000000000448090                ssh1_pkt_type
                0x00000000004482e0                ssh2_pkt_type
                0x0000000000448720                ssh_ppl_free
                0x0000000000448740                ssh_ppl_setup_queues
                0x00000000004487a0                ssh_ppl_replace
                0x0000000000448810                ssh_ppl_user_output_string_and_free
                0x0000000000448850                ssh_bpp_common_setup
                0x00000000004488a0                ssh_bpp_free
                0x00000000004488c0                ssh2_bpp_queue_disconnect
                0x0000000000448930                ssh2_bpp_check_unimplemented
                0x00000000004489a0                verify_ssh_manual_host_key
                0x0000000000448bd0                ssh1_common_get_specials
                0x0000000000448c20                ssh1_common_filter_queue
                0x0000000000448cf0                ssh1_compute_session_id
                0x0000000000448de0                free_rportfwd
 .text          0x0000000000448e30       0xe0 sshcrc.o
                0x0000000000448e30                crc32_update
                0x0000000000448eb0                crc32_ssh1
                0x0000000000448ee0                crc32_rfc1662
 .text          0x0000000000448f10      0x430 sshcrcda.o
                0x0000000000448fe0                crcda_make_context
                0x0000000000449010                crcda_free_context
                0x0000000000449050                detect_attack
 .text          0x0000000000449340    0x10040 sshdes.o
                0x00000000004590e0                des_key_setup
 .text          0x0000000000459380      0x380 sshdh.o
                0x0000000000459400                dh_is_gex
                0x0000000000459410                dh_setup_group
                0x0000000000459490                dh_setup_gex
                0x0000000000459500                dh_modulus_bit_size
                0x0000000000459510                dh_cleanup
                0x0000000000459570                dh_create_e
                0x0000000000459640                dh_validate_f
                0x00000000004596d0                dh_find_K
 .text          0x0000000000459700      0xc50 sshdss.o
                0x000000000045a040                dss_gen_k
 .text          0x000000000045a350     0x27a0 sshecc.o
                0x000000000045c7b0                ecdsa_public
                0x000000000045c820                eddsa_public
                0x000000000045c900                ssh_ecdhkex_curve_textname
                0x000000000045c920                ssh_ecdhkex_newkey
                0x000000000045c970                ssh_ecdhkex_getpublic
                0x000000000045c980                ssh_ecdhkex_getkey
                0x000000000045c990                ssh_ecdhkex_freekey
                0x000000000045c9c0                ec_alg_by_oid
                0x000000000045ca30                ec_alg_oid
                0x000000000045ca50                ec_nist_alg_and_curve_by_bits
                0x000000000045cac0                ec_ed_alg_and_curve_by_bits
 .text          0x000000000045caf0      0x6a0 sshgssc.o
                0x000000000045d130                ssh_gssapi_bind_fns
 .text          0x000000000045d190      0x4d0 sshhmac.o
 .text          0x000000000045d660      0x130 sshmac.o
                0x000000000045d660                ssh2_mac_verresult
                0x000000000045d6d0                ssh2_mac_generate
                0x000000000045d730                ssh2_mac_verify
 .text          0x000000000045d790      0xaf0 sshmd5.o
                0x000000000045e040                MD5Init
                0x000000000045e090                MD5Final
                0x000000000045e1e0                MD5Simple
 .text          0x000000000045e280      0x5e0 sshprng.o
                0x000000000045e2e0                prng_new
                0x000000000045e3c0                prng_free
                0x000000000045e440                prng_seed_begin
                0x000000000045e4b0                prng_seed_finish
                0x000000000045e590                prng_read
                0x000000000045e690                prng_add_entropy
                0x000000000045e850                prng_seed_bits
 .text          0x000000000045e860     0x2e30 sshpubk.o
                0x000000000045eea0                rsa_ssh1_loadkey
                0x000000000045ef80                rsa_ssh1_encrypted
                0x000000000045f010                rsa_ssh1_loadpub
                0x000000000045f2d0                rsa_ssh1_savekey
                0x000000000045f4d0                find_pubkey_alg_len
                0x000000000045f910                find_pubkey_alg
                0x000000000045f940                ssh2_load_userkey
                0x0000000000460120                rfc4716_loadpub
                0x00000000004604c0                openssh_loadpub
                0x00000000004606d0                ssh2_userkey_loadpub
                0x00000000004609e0                ssh2_userkey_encrypted
                0x0000000000460b60                base64_lines
                0x0000000000460b80                base64_encode
                0x0000000000460c20                ssh2_save_userkey
                0x0000000000461180                ssh1_pubkey_str
                0x0000000000461210                ssh1_write_pubkey
                0x0000000000461250                ssh2_pubkey_openssh_str
                0x0000000000461290                ssh2_write_pubkey
                0x0000000000461470                ssh2_fingerprint_blob
                0x00000000004615e0                ssh2_fingerprint
                0x0000000000461630                key_type
                0x0000000000461670                key_type_to_str
 .text          0x0000000000461690      0x400 sshrand.o
                0x0000000000461710                random_add_noise
                0x0000000000461750                random_reseed
                0x00000000004617a0                random_read
                0x00000000004617f0                random_get_savedata
                0x0000000000461880                random_save_seed
                0x0000000000461940                random_ref
                0x0000000000461960                random_setup_special
                0x0000000000461980                random_clear
                0x00000000004619f0                random_unref
                0x0000000000461a50                random_seed_bits
 .text          0x0000000000461a90     0x1a90 sshrsa.o
                0x0000000000461d40                rsa2_invalid
                0x0000000000462120                BinarySource_get_rsa_ssh1_pub
                0x00000000004621c0                BinarySource_get_rsa_ssh1_priv
                0x00000000004621e0                rsa_ssh1_encrypt
                0x00000000004623b0                crt_modpow
                0x00000000004626f0                rsa_ssh1_decrypt
                0x0000000000462730                rsa_ssh1_decrypt_pkcs1
                0x0000000000462870                rsastr_fmt
                0x00000000004628b0                rsa_ssh1_fingerprint
                0x0000000000462a00                rsa_verify
                0x0000000000462bc0                rsa_ssh1_public_blob
                0x0000000000462c40                rsa_ssh1_public_blob_len
                0x0000000000462cc0                freersapriv
                0x0000000000462d30                freersakey
                0x00000000004630a0                ssh_rsakex_newkey
                0x00000000004630d0                ssh_rsakex_freekey
                0x00000000004630f0                ssh_rsakex_klen
                0x0000000000463100                ssh_rsakex_encrypt
                0x00000000004632d0                ssh_rsakex_decrypt
 .text          0x0000000000463520      0xec0 sshsh256.o
 .text          0x00000000004643e0     0x1e20 sshsh512.o
                0x0000000000465c50                SHA512_Init
                0x0000000000465cd0                SHA384_Init
                0x0000000000465d50                SHA512_Final
                0x0000000000465f70                SHA384_Final
                0x0000000000465ff0                SHA512_Simple
                0x00000000004660d0                SHA384_Simple
 .text          0x0000000000466200      0xc60 sshsha.o
 .text          0x0000000000466e60     0x3010 sshshare.o
                0x0000000000467d00                sharestate_free
                0x0000000000467d80                share_dead_xchannel_respond
                0x0000000000467ef0                share_xchannel_confirmation
                0x0000000000467ff0                share_xchannel_failure
                0x00000000004690e0                share_setup_x11_channel
                0x0000000000469460                share_got_pkt_from_server
                0x0000000000469880                share_ndownstreams
                0x0000000000469890                share_activate
                0x0000000000469940                ssh_share_sockname
                0x0000000000469a20                ssh_share_test_for_upstream
                0x0000000000469b60                ssh_connshare_provide_connlayer
                0x0000000000469b70                ssh_connection_sharing_init
 .text          0x0000000000469e70     0x10b0 sshverstring.o
                0x000000000046add0                ssh_verstring_new
                0x000000000046aef0                ssh_verstring_get_remote
                0x000000000046af00                ssh_verstring_get_local
                0x000000000046af10                ssh_verstring_get_bugs
 .text          0x000000000046af20     0x1b80 sshzlib.o
                0x000000000046bc40                zlib_compress_cleanup
                0x000000000046bce0                zlib_decompress_cleanup
                0x000000000046bd70                zlib_compress_block
                0x000000000046be80                zlib_decompress_init
                0x000000000046bff0                zlib_decompress_block
                0x000000000046c9b0                zlib_compress_init
 .text          0x000000000046caa0     0x11e0 stripctrl.o
                0x000000000046dab0                stripctrl_new
                0x000000000046db20                stripctrl_new_term_fn
                0x000000000046dba0                stripctrl_reset
                0x000000000046dbd0                stripctrl_retarget
                0x000000000046dbe0                stripctrl_free
                0x000000000046dc10                stripctrl_enable_line_limiting
                0x000000000046dc20                stripctrl_string_ptrlen
 .text          0x000000000046dc80     0x1750 telnet.o
 .text          0x000000000046f3d0     0xeb40 terminal.o
                0x0000000000474d90                term_update
                0x0000000000474f40                term_seen_key_event
                0x0000000000474fb0                term_copy_stuff_from_conf
                0x00000000004754d0                term_clrsb
                0x00000000004755b0                term_free
                0x00000000004757e0                term_set_trust_status
                0x00000000004757f0                term_provide_backend
                0x0000000000475830                term_translate
                0x0000000000475be0                term_invalidate
                0x0000000000476500                term_reconfig
                0x00000000004769a0                term_size
                0x0000000000477540                term_pwron
                0x00000000004775b0                term_init
                0x000000000047bca0                term_paint
                0x000000000047be00                term_scroll
                0x000000000047be70                term_scroll_to_selection
                0x000000000047bef0                term_copyall
                0x000000000047bf50                term_request_copy
                0x000000000047bff0                term_request_paste
                0x000000000047c030                term_do_paste
                0x000000000047c380                term_mouse
                0x000000000047cdd0                format_arrow_key
                0x000000000047ce70                format_function_key
                0x000000000047d060                format_small_keypad_key
                0x000000000047d200                format_numeric_keypad_key
                0x000000000047d4c0                term_keyinputw
                0x000000000047d5c0                term_keyinput
                0x000000000047d7d0                term_nopaste
                0x000000000047d860                term_lost_clipboard_ownership
                0x000000000047d8d0                term_data
                0x000000000047d910                term_provide_logctx
                0x000000000047d920                term_set_focus
                0x000000000047d960                term_get_ttymode
                0x000000000047d9f0                term_get_userpass_input
 .text          0x000000000047df10      0x2d0 timing.o
                0x000000000047dfc0                schedule_timer
                0x000000000047e0a0                timing_last_clock
                0x000000000047e0b0                run_timers
                0x000000000047e1b0                expire_timer_context
 .text          0x000000000047e1e0     0x1490 tree234.o
                0x000000000047f0a0                newtree234
                0x000000000047f0d0                freetree234
                0x000000000047f0f0                count234
                0x000000000047f110                add234
                0x000000000047f140                addpos234
                0x000000000047f170                index234
                0x000000000047f1f0                search234_step
                0x000000000047f360                search234_start
                0x000000000047f390                findrelpos234
                0x000000000047f520                find234
                0x000000000047f560                findrel234
                0x000000000047f5a0                findpos234
                0x000000000047f5e0                delpos234
                0x000000000047f620                del234
 .text          0x000000000047f670     0x14f0 utils.o
                0x000000000047f880                parse_blocksize
                0x000000000047f920                ctrlparse
                0x000000000047f9d0                host_strcspn
                0x000000000047fa00                host_strchr
                0x000000000047fa30                host_strrchr
                0x000000000047fa60                dupstr
                0x000000000047fac0                dupcat
                0x000000000047fb60                burnstr
                0x000000000047fba0                string_length_for_printf
                0x000000000047fbb0                dupvprintf
                0x000000000047fbe0                dupprintf
                0x000000000047fc10                host_strduptrim
                0x000000000047fcf0                strbuf_append
                0x000000000047fd90                strbuf_new
                0x000000000047fda0                strbuf_new_nm
                0x000000000047fdb0                strbuf_free
                0x000000000047fdf0                strbuf_to_str
                0x000000000047fe10                strbuf_catfv
                0x000000000047fe60                strbuf_catf
                0x000000000047fe90                strbuf_new_for_agent_query
                0x000000000047fec0                strbuf_finalise_agent_query
                0x000000000047ff10                fgetline
                0x000000000047ffe0                read_file_into
                0x0000000000480050                chomp
                0x00000000004800b0                base64_encode_atom
                0x0000000000480190                base64_decode_atom
                0x00000000004802d0                bufchain_init
                0x0000000000480300                bufchain_clear
                0x0000000000480350                bufchain_size
                0x0000000000480360                bufchain_set_callback_inner
                0x0000000000480380                bufchain_add
                0x0000000000480460                bufchain_consume
                0x0000000000480530                bufchain_prefix
                0x0000000000480540                bufchain_fetch
                0x00000000004805f0                bufchain_fetch_consume
                0x0000000000480630                bufchain_try_fetch_consume
                0x0000000000480670                bufchain_fetch_consume_up_to
                0x00000000004806b0                smemeq
                0x0000000000480700                nullstrcmp
                0x0000000000480740                ptrlen_eq_string
                0x0000000000480780                ptrlen_eq_ptrlen
                0x00000000004807c0                ptrlen_strcmp
                0x0000000000480810                ptrlen_startswith
                0x0000000000480870                ptrlen_endswith
                0x00000000004808d0                ptrlen_get_word
                0x00000000004809f0                mkstr
                0x0000000000480a40                strstartswith
                0x0000000000480a70                strendswith
                0x0000000000480ac0                encode_utf8
 .text          0x0000000000480b60        0x0 version.o
 .text          0x0000000000480b60      0x1e0 wcwidth.o
                0x0000000000480ba0                mk_wcwidth
                0x0000000000480c40                mk_wcswidth
                0x0000000000480ca0                mk_wcwidth_cjk
                0x0000000000480ce0                mk_wcswidth_cjk
 .text          0x0000000000480d40      0x3e0 wildcard.o
                0x0000000000481030                wc_error
                0x0000000000481050                wc_match
                0x0000000000481080                wc_match_pl
                0x00000000004810a0                wc_unescape
 .text          0x0000000000481120       0x70 wincapi.o
                0x0000000000481120                got_crypt
 .text          0x0000000000481190     0x1050 wincfg.o
                0x0000000000481240                win_setup_config_box
 .text          0x00000000004821e0     0x5470 winctrls.o
                0x0000000000482530                init_common_controls
                0x00000000004825e0                ctlposinit
                0x00000000004826a0                doctl
                0x0000000000482a70                staticedit
                0x0000000000482aa0                staticpassedit
                0x0000000000482ad0                bartitle
                0x0000000000482b40                beginbox
                0x0000000000482b80                endbox
                0x0000000000482c00                editboxfw
                0x0000000000482ce0                combobox
                0x0000000000482db0                radioline
                0x0000000000482e70                bareradioline
                0x0000000000482f20                radiobig
                0x0000000000482fe0                checkbox
                0x0000000000483050                staticwrap
                0x00000000004832e0                statictext
                0x0000000000483350                paneltitle
                0x00000000004833c0                staticbtn
                0x0000000000483490                button
                0x0000000000483550                static2btn
                0x0000000000483680                staticddl
                0x0000000000483760                staticcombo
                0x0000000000483840                staticddlbig
                0x0000000000483900                bigeditctrl
                0x00000000004839d0                listbox
                0x0000000000483ab0                ersatztab
                0x0000000000483bd0                editbutton
                0x0000000000483d00                prefslist
                0x0000000000483fa0                pl_itemfrompt
                0x00000000004840e0                handle_prefslist
                0x0000000000484550                progressbar
                0x00000000004845c0                winctrl_add_shortcuts
                0x0000000000484640                winctrl_rem_shortcuts
                0x00000000004846c0                winctrl_init
                0x00000000004846f0                winctrl_add
                0x0000000000484770                winctrl_remove
                0x00000000004847c0                winctrl_cleanup
                0x0000000000484830                winctrl_findbyctrl
                0x0000000000484860                winctrl_findbyid
                0x0000000000484890                winctrl_findbyindex
                0x00000000004848a0                winctrl_layout
                0x00000000004858e0                dlg_last_focused
                0x0000000000485900                winctrl_context_help
                0x0000000000485980                dlg_is_visible
                0x00000000004859a0                dlg_radiobutton_set
                0x0000000000485a10                dlg_radiobutton_get
                0x0000000000485ab0                dlg_checkbox_set
                0x0000000000485b20                dlg_checkbox_get
                0x0000000000485b80                dlg_editbox_set
                0x0000000000485bf0                dlg_editbox_get
                0x0000000000485c50                dlg_listbox_clear
                0x0000000000485cf0                dlg_listbox_del
                0x0000000000485d90                dlg_listbox_add
                0x0000000000485e30                dlg_listbox_addwithid
                0x0000000000485f20                dlg_listbox_getid
                0x0000000000485fa0                dlg_listbox_index
                0x00000000004860a0                dlg_listbox_issel
                0x0000000000486130                dlg_listbox_select
                0x00000000004861c0                dlg_text_set
                0x0000000000486230                dlg_label_change
                0x0000000000486320                dlg_filesel_set
                0x0000000000486390                dlg_filesel_get
                0x0000000000486400                dlg_fontsel_get
                0x0000000000486450                dlg_update_start
                0x00000000004864b0                dlg_update_done
                0x0000000000486540                dlg_set_focus
                0x00000000004865e0                dlg_beep
                0x0000000000486600                dlg_error_msg
                0x0000000000486630                dlg_end
                0x0000000000486650                dlg_refresh
                0x0000000000486700                dlg_coloursel_start
                0x0000000000486730                dlg_coloursel_results
                0x0000000000486770                dlg_auto_set_fixed_pitch_flag
                0x0000000000486900                dlg_fontsel_set
                0x0000000000486a00                winctrl_handle_command
                0x0000000000487540                dlg_get_fixed_pitch_flag
                0x0000000000487550                dlg_set_fixed_pitch_flag
                0x0000000000487560                dp_init
                0x00000000004875d0                dp_add_tree
                0x0000000000487620                dp_cleanup
 .text          0x0000000000487650      0x110 windefs.o
                0x0000000000487650                platform_default_fontspec
                0x00000000004876d0                platform_default_filename
                0x0000000000487710                platform_default_s
                0x0000000000487740                platform_default_b
                0x0000000000487750                platform_default_i
 .text          0x0000000000487760     0x2030 windlg.o
                0x0000000000488f90                force_normal
                0x0000000000488fb0                modal_about_box
                0x0000000000489020                show_help
                0x0000000000489040                defuse_showwindow
                0x00000000004890b0                do_config
                0x00000000004891f0                do_reconfig
                0x0000000000489380                showeventlog
                0x0000000000489400                showabout
                0x0000000000489440                win_seat_verify_ssh_host_key
                0x0000000000489600                win_seat_confirm_weak_crypto_primitive
                0x0000000000489690                win_seat_confirm_weak_cached_hostkey
                0x0000000000489720                old_keyfile_warning
 .text          0x0000000000489790     0xc5f0 window.o
                0x00000000004897a0                win_seat_get_window_pixel_size
                0x0000000000489810                cmpCOLORREF
                0x0000000000489910                win_seat_get_ttymode
                0x0000000000489920                win_seat_stripctrl_new
                0x000000000048ee70                IsPlatformNT
                0x000000000048eeb0                InitMultipleMonitorStubs
                0x000000000048eee0                xGetSystemMetrics@4
                0x000000000048ef80                xMonitorFromPoint@12
                0x000000000048f020                xMonitorFromRect@8
                0x000000000048f0c0                xMonitorFromWindow@8
                0x000000000048f190                xGetMonitorInfo@8
                0x000000000048fdd0                xEnumDisplayMonitors@16
                0x000000000048ff80                xEnumDisplayDevices@16
                0x0000000000490050                cleanup_exit
                0x00000000004903a0                do_select
                0x0000000000490420                cmdline_error
                0x0000000000490490                timer_change_notify
                0x0000000000494a80                write_aclip
                0x0000000000494bb0                modalfatalbox
                0x0000000000494c20                WinMain@16
                0x0000000000495ca0                nonfatal
                0x0000000000495d10                agent_schedule_callback
 .text          0x0000000000495d80      0xe60 wingss.o
                0x00000000004964e0                ssh_gss_setup
                0x0000000000496b70                ssh_gss_cleanup
 .text          0x0000000000496be0      0xcd0 winhandl.o
                0x0000000000497100                handle_input_new
                0x0000000000497220                handle_output_new
                0x0000000000497350                handle_add_foreign_event
                0x00000000004973f0                handle_write
                0x0000000000497490                handle_write_eof
                0x00000000004974e0                handle_get_events
                0x0000000000497570                handle_free
                0x0000000000497600                handle_got_event
                0x00000000004977d0                handle_unthrottle
                0x0000000000497840                handle_backlog
                0x0000000000497880                handle_get_privdata
                0x0000000000497890                handle_sink_init
 .text          0x00000000004978b0      0x500 winhelp.o
                0x0000000000497a70                has_embedded_chm
                0x0000000000497ad0                init_help
                0x0000000000497c10                shutdown_help
                0x0000000000497c80                has_help
                0x0000000000497ca0                launch_help
                0x0000000000497d50                quit_help
 .text          0x0000000000497db0      0x660 winhsock.o
                0x0000000000498320                make_handle_socket
 .text          0x0000000000498410      0xa50 winjump.o
                0x0000000000498cd0                clear_jumplist
                0x0000000000498d40                add_session_to_jumplist
                0x0000000000498d90                remove_session_from_jumplist
                0x0000000000498de0                set_explicit_app_user_model_id
 .text          0x0000000000498e60      0xbe0 winmisc.o
                0x0000000000498ec0                platform_get_x_display
                0x0000000000498ee0                filename_from_str
                0x0000000000498f20                filename_copy
                0x0000000000498f30                filename_to_str
                0x0000000000498f40                filename_equal
                0x0000000000498f70                filename_is_null
                0x0000000000498f80                filename_free
                0x0000000000498fa0                filename_serialise
                0x0000000000498fc0                filename_deserialise
                0x0000000000498fe0                filename_char_sanitise
                0x0000000000499010                load_system32_dll
                0x00000000004990c0                get_username
                0x0000000000499260                dll_hijacking_protection
                0x00000000004992d0                init_winver
                0x00000000004993b0                win_strerror
                0x0000000000499530                fontspec_new
                0x0000000000499580                fontspec_copy
                0x00000000004995b0                fontspec_free
                0x00000000004995d0                fontspec_serialise
                0x0000000000499630                fontspec_deserialise
                0x0000000000499690                open_for_write_would_lose_data
                0x00000000004996e0                escape_registry_key
                0x00000000004997b0                unescape_registry_key
                0x0000000000499840                registry_get_string
 .text          0x0000000000499a40       0x50 winmiscs.o
                0x0000000000499a40                smemclr
                0x0000000000499a60                is_console_handle
 .text          0x0000000000499a90     0x2ed0 winnet.o
                0x0000000000499f90                sk_init
                0x000000000049a890                sk_cleanup
                0x000000000049a920                winsock_error_string
                0x000000000049b1e0                sk_namelookup
                0x000000000049b560                sk_nonamelookup
                0x000000000049b5e0                sk_namedpipe_addr
                0x000000000049b660                sk_getaddr
                0x000000000049b780                sk_addr_needs_port
                0x000000000049b790                sk_hostname_is_local
                0x000000000049b7e0                sk_address_is_local
                0x000000000049b8e0                sk_address_is_special_local
                0x000000000049b8f0                sk_addrtype
                0x000000000049b930                sk_addrcopy
                0x000000000049ba50                sk_addr_free
                0x000000000049ba70                sk_addr_dup
                0x000000000049ba80                sk_new
                0x000000000049bba0                sk_newlistener
                0x000000000049c000                try_send
                0x000000000049c2c0                select_result
                0x000000000049c750                sk_addr_error
                0x000000000049c760                socket_reselect_all
                0x000000000049c7b0                first_socket
                0x000000000049c7f0                next_socket
                0x000000000049c830                socket_writable
                0x000000000049c870                net_service_lookup
                0x000000000049c8c0                get_hostname
                0x000000000049c900                platform_get_x11_unix_address
 .text          0x000000000049c960      0x4c0 winnoise.o
                0x000000000049c960                win_read_random
                0x000000000049cae0                noise_get_heavy
                0x000000000049cbd0                noise_regular
                0x000000000049cd50                noise_ultralight
                0x000000000049cdd0                prng_reseed_time_ms
 .text          0x000000000049ce20      0x2d0 winnpc.o
                0x000000000049ce20                new_named_pipe_client
 .text          0x000000000049d0f0      0x440 winnps.o
                0x000000000049d370                new_named_pipe_listener
 .text          0x000000000049d530      0x310 winpgntc.o
                0x000000000049d530                agent_exists
                0x000000000049d560                agent_cancel_query
                0x000000000049d590                agent_query
 .text          0x000000000049d840      0x500 winprint.o
                0x000000000049d970                printer_start_enum
                0x000000000049db40                printer_get_name
                0x000000000049db80                printer_finish_enum
                0x000000000049dbc0                printer_start_job
                0x000000000049dcb0                printer_job_data
                0x000000000049dcf0                printer_finish_job
 .text          0x000000000049dd40      0x370 winproxy.o
                0x000000000049dd40                platform_new_connection
 .text          0x000000000049e0b0      0x9c0 winsecur.o
                0x000000000049e0b0                got_advapi
                0x000000000049e270                get_user_sid
                0x000000000049e480                getsids
                0x000000000049e640                make_private_security_descriptor
                0x000000000049e900                restrict_process_acl
 .text          0x000000000049ea70      0x820 winser.o
 .text          0x000000000049f290      0x510 winshare.o
                0x000000000049f2c0                platform_ssh_share
                0x000000000049f790                platform_ssh_share_cleanup
 .text          0x000000000049f7a0     0x19a0 winstore.o
                0x000000000049fc80                open_settings_w
                0x000000000049fda0                write_setting_s
                0x000000000049fdc0                write_setting_i
                0x000000000049fe10                close_settings_w
                0x000000000049fe40                open_settings_r
                0x00000000004a02f0                read_setting_s
                0x00000000004a0400                read_setting_i
                0x00000000004a0470                read_setting_fontspec
                0x00000000004a05c0                write_setting_fontspec
                0x00000000004a0790                read_setting_filename
                0x00000000004a07e0                write_setting_filename
                0x00000000004a0810                close_settings_r
                0x00000000004a0850                del_settings
                0x00000000004a08e0                enum_settings_start
                0x00000000004a0950                enum_settings_next
                0x00000000004a0a20                enum_settings_finish
                0x00000000004a0a50                verify_host_key
                0x00000000004a0da0                have_ssh_host_key
                0x00000000004a0de0                store_host_key
                0x00000000004a0ea0                read_random_seed
                0x00000000004a0f30                write_random_seed
                0x00000000004a0f90                add_to_jumplist_registry
                0x00000000004a0fa0                remove_from_jumplist_registry
                0x00000000004a0fb0                get_jumplist_registry_entries
                0x00000000004a1000                cleanup_all
 .text          0x00000000004a1140       0x90 wintime.o
                0x00000000004a1140                ltime
 .text          0x00000000004a11d0     0x1420 winucs.o
                0x00000000004a1570                xlat_uskbd2cyrllic
                0x00000000004a1580                check_compose_internal
                0x00000000004a1680                check_compose
                0x00000000004a16b0                decode_codepage
                0x00000000004a16d0                cp_name
                0x00000000004a17e0                cp_enumerate
                0x00000000004a1800                get_unitab
                0x00000000004a1970                init_ucs
                0x00000000004a2360                wc_to_mb
                0x00000000004a2580                mb_to_wc
                0x00000000004a25c0                is_dbcs_leadbyte
 .text          0x00000000004a25f0      0x630 winutils.o
                0x00000000004a2650                request_file
                0x00000000004a2740                filereq_new
                0x00000000004a2770                filereq_free
                0x00000000004a2780                message_box
                0x00000000004a2810                pgp_fingerprints
                0x00000000004a2840                GetDlgItemText_alloc
                0x00000000004a28e0                split_into_argv
 .text          0x00000000004a2c20       0x50 winx11.o
                0x00000000004a2c20                platform_get_x11_auth
 .text          0x00000000004a2c70      0x280 cencode.o
                0x00000000004a2c70                base64_init_encodestate
                0x00000000004a2c90                base64_encode_value
                0x00000000004a2cb0                base64_encode_block
                0x00000000004a2e60                base64_encode_blockend
 .text          0x00000000004a2ef0      0x240 cdecode.o
                0x00000000004a2ef0                base64_decode_value
                0x00000000004a2f20                base64_init_decodestate
                0x00000000004a2f30                base64_decode_block
 .text          0x00000000004a3130     0x2010 x11fwd.o
                0x00000000004a3580                x11_invent_fake_auth
                0x00000000004a37b0                x11_free_fake_auth
                0x00000000004a3840                x11_authcmp
                0x00000000004a38e0                x11_setup_display
                0x00000000004a3d60                x11_free_display
                0x00000000004a3dc0                BinarySource_get_string_xauth
                0x00000000004a3df0                BinarySink_put_stringpl_xauth
                0x00000000004a3e50                x11_get_auth_from_authfile
                0x00000000004a42f0                x11_format_auth_for_authfile
                0x00000000004a4490                x11_get_screen_number
                0x00000000004a44f0                x11_new_channel
                0x00000000004a45a0                x11_identify_auth_proto
                0x00000000004a4600                x11_dehexify
                0x00000000004a46b0                x11_make_greeting
 .text          0x00000000004a5140        0x0 /usr/lib/gcc/i686-w64-mingw32/7.3-win32/../../../../i686-w64-mingw32/lib/../lib/libadvapi32.a(libadvapi32h.o)
 .text          0x00000000004a5140        0x0 /usr/lib/gcc/i686-w64-mingw32/7.3-win32/../../../../i686-w64-mingw32/lib/../lib/libadvapi32.a(libadvapi32t.o)
 .text          0x00000000004a5140        0x0 /usr/lib/gcc/i686-w64-mingw32/7.3-win32/../../../../i686-w64-mingw32/lib/../lib/libcomdlg32.a(libcomdlg32h.o)
 .text          0x00000000004a5140        0x0 /usr/lib/gcc/i686-w64-mingw32/7.3-win32/../../../../i686-w64-mingw32/lib/../lib/libcomdlg32.a(libcomdlg32t.o)
 .text          0x00000000004a5140        0x0 /usr/lib/gcc/i686-w64-mingw32/7.3-win32/../../../../i686-w64-mingw32/lib/../lib/libgdi32.a(libgdi32h.o)
 .text          0x00000000004a5140        0x0 /usr/lib/gcc/i686-w64-mingw32/7.3-win32/../../../../i686-w64-mingw32/lib/../lib/libgdi32.a(libgdi32t.o)
 .text          0x00000000004a5140        0x8 /usr/lib/gcc/i686-w64-mingw32/7.3-win32/../../../../i686-w64-mingw32/lib/../lib/libimm32.a(libimm32s00116.o)
                0x00000000004a5140                ImmSetCompositionWindow@8
 .text          0x00000000004a5148        0x8 /usr/lib/gcc/i686-w64-mingw32/7.3-win32/../../../../i686-w64-mingw32/lib/../lib/libimm32.a(libimm32s00112.o)
                0x00000000004a5148                ImmSetCompositionFontA@8
 .text          0x00000000004a5150        0x8 /usr/lib/gcc/i686-w64-mingw32/7.3-win32/../../../../i686-w64-mingw32/lib/../lib/libimm32.a(libimm32s00104.o)
                0x00000000004a5150                ImmReleaseContext@8
 .text          0x00000000004a5158        0x8 /usr/lib/gcc/i686-w64-mingw32/7.3-win32/../../../../i686-w64-mingw32/lib/../lib/libimm32.a(libimm32s00056.o)
                0x00000000004a5158                ImmGetContext@4
 .text          0x00000000004a5160        0x8 /usr/lib/gcc/i686-w64-mingw32/7.3-win32/../../../../i686-w64-mingw32/lib/../lib/libimm32.a(libimm32s00054.o)
                0x00000000004a5160                ImmGetCompositionStringW@16
 .text          0x00000000004a5168        0x0 /usr/lib/gcc/i686-w64-mingw32/7.3-win32/../../../../i686-w64-mingw32/lib/../lib/libimm32.a(libimm32h.o)
 .text          0x00000000004a5168        0x0 /usr/lib/gcc/i686-w64-mingw32/7.3-win32/../../../../i686-w64-mingw32/lib/../lib/libimm32.a(libimm32t.o)
 .text          0x00000000004a5168        0x0 /usr/lib/gcc/i686-w64-mingw32/7.3-win32/../../../../i686-w64-mingw32/lib/../lib/libole32.a(libole32h.o)
 .text          0x00000000004a5168        0x0 /usr/lib/gcc/i686-w64-mingw32/7.3-win32/../../../../i686-w64-mingw32/lib/../lib/libole32.a(libole32t.o)
 .text          0x00000000004a5168        0x0 /usr/lib/gcc/i686-w64-mingw32/7.3-win32/../../../../i686-w64-mingw32/lib/../lib/libshell32.a(libshell32h.o)
 .text          0x00000000004a5168        0x0 /usr/lib/gcc/i686-w64-mingw32/7.3-win32/../../../../i686-w64-mingw32/lib/../lib/libshell32.a(libshell32t.o)
 .text          0x00000000004a5168        0x0 /usr/lib/gcc/i686-w64-mingw32/7.3-win32/../../../../i686-w64-mingw32/lib/../lib/libuser32.a(libuser32h.o)
 .text          0x00000000004a5168        0x0 /usr/lib/gcc/i686-w64-mingw32/7.3-win32/../../../../i686-w64-mingw32/lib/../lib/libuser32.a(libuser32t.o)
 *fill*         0x00000000004a5168        0x8 
 .text          0x00000000004a5170       0xe0 /usr/lib/gcc/i686-w64-mingw32/7.3-win32/../../../../i686-w64-mingw32/lib/../lib/libmingw32.a(lib32_libmingw32_a-atonexit.o)
                0x00000000004a5170                mingw_onexit
                0x00000000004a5230                atexit
 .text          0x00000000004a5250        0x0 /usr/lib/gcc/i686-w64-mingw32/7.3-win32/../../../../i686-w64-mingw32/lib/../lib/libmingw32.a(lib32_libmingw32_a-crt0_c.o)
 .text          0x00000000004a5250       0xa0 /usr/lib/gcc/i686-w64-mingw32/7.3-win32/../../../../i686-w64-mingw32/lib/../lib/libmingw32.a(lib32_libmingw32_a-gccmain.o)
                0x00000000004a5250                __do_global_dtors
                0x00000000004a5280                __do_global_ctors
                0x00000000004a52d0                __main
 .text          0x00000000004a52f0        0x0 /usr/lib/gcc/i686-w64-mingw32/7.3-win32/../../../../i686-w64-mingw32/lib/../lib/libmingw32.a(lib32_libmingw32_a-natstart.o)
 .text          0x00000000004a52f0        0x0 /usr/lib/gcc/i686-w64-mingw32/7.3-win32/../../../../i686-w64-mingw32/lib/../lib/libmingw32.a(lib32_libmingw32_a-wildcard.o)
 .text          0x00000000004a52f0       0x10 /usr/lib/gcc/i686-w64-mingw32/7.3-win32/../../../../i686-w64-mingw32/lib/../lib/libmingw32.a(lib32_libmingw32_a-charmax.o)
 .text          0x00000000004a5300       0x10 /usr/lib/gcc/i686-w64-mingw32/7.3-win32/../../../../i686-w64-mingw32/lib/../lib/libmingw32.a(lib32_libmingw32_a-dllargv.o)
                0x00000000004a5300                _setargv
 .text          0x00000000004a5310      0x140 /usr/lib/gcc/i686-w64-mingw32/7.3-win32/../../../../i686-w64-mingw32/lib/../lib/libmingw32.a(lib32_libmingw32_a-gs_support.o)
                0x00000000004a5310                __security_init_cookie
                0x00000000004a53c0                __report_gsfailure
 .text          0x00000000004a5450        0x0 /usr/lib/gcc/i686-w64-mingw32/7.3-win32/../../../../i686-w64-mingw32/lib/../lib/libmingw32.a(lib32_libmingw32_a-_newmode.o)
 .text          0x00000000004a5450       0xe0 /usr/lib/gcc/i686-w64-mingw32/7.3-win32/../../../../i686-w64-mingw32/lib/../lib/libmingw32.a(lib32_libmingw32_a-tlssup.o)
                0x00000000004a54a0                __dyn_tls_init@12
                0x00000000004a5520                __tlregdtor
 .text          0x00000000004a5530        0x0 /usr/lib/gcc/i686-w64-mingw32/7.3-win32/../../../../i686-w64-mingw32/lib/../lib/libmingw32.a(lib32_libmingw32_a-cinitexe.o)
 .text          0x00000000004a5530       0xc0 /usr/lib/gcc/i686-w64-mingw32/7.3-win32/../../../../i686-w64-mingw32/lib/../lib/libmingw32.a(lib32_libmingw32_a-merr.o)
                0x00000000004a5530                __mingw_raise_matherr
                0x00000000004a5580                __mingw_setusermatherr
                0x00000000004a5590                _matherr
 .text          0x00000000004a55f0       0x10 /usr/lib/gcc/i686-w64-mingw32/7.3-win32/../../../../i686-w64-mingw32/lib/../lib/libmingw32.a(lib32_libmingw32_a-CRT_fp10.o)
                0x00000000004a55f0                _fpreset
                0x00000000004a55f0                fpreset
 .text          0x00000000004a5600       0x20 /usr/lib/gcc/i686-w64-mingw32/7.3-win32/../../../../i686-w64-mingw32/lib/../lib/libmingw32.a(lib32_libmingw32_a-mingw_helpers.o)
                0x00000000004a5600                _decode_pointer
                0x00000000004a5610                _encode_pointer
 .text          0x00000000004a5620      0x420 /usr/lib/gcc/i686-w64-mingw32/7.3-win32/../../../../i686-w64-mingw32/lib/../lib/libmingw32.a(lib32_libmingw32_a-pseudo-reloc.o)
                0x00000000004a57c0                _pei386_runtime_relocator
 .text          0x00000000004a5a40        0x0 /usr/lib/gcc/i686-w64-mingw32/7.3-win32/../../../../i686-w64-mingw32/lib/../lib/libmingw32.a(lib32_libmingw32_a-xtxtmode.o)
 .text          0x00000000004a5a40      0x1b0 /usr/lib/gcc/i686-w64-mingw32/7.3-win32/../../../../i686-w64-mingw32/lib/../lib/libmingw32.a(lib32_libmingw32_a-crt_handler.o)
                0x00000000004a5a40                _gnu_exception_handler@4
 .text          0x00000000004a5bf0      0x270 /usr/lib/gcc/i686-w64-mingw32/7.3-win32/../../../../i686-w64-mingw32/lib/../lib/libmingw32.a(lib32_libmingw32_a-tlsthrd.o)
                0x00000000004a5c60                ___w64_mingwthr_add_key_dtor
                0x00000000004a5cf0                ___w64_mingwthr_remove_key_dtor
                0x00000000004a5d80                __mingw_TLScallback
 .text          0x00000000004a5e60        0x0 /usr/lib/gcc/i686-w64-mingw32/7.3-win32/../../../../i686-w64-mingw32/lib/../lib/libmingw32.a(lib32_libmingw32_a-tlsmcrt.o)
 .text          0x00000000004a5e60        0x0 /usr/lib/gcc/i686-w64-mingw32/7.3-win32/../../../../i686-w64-mingw32/lib/../lib/libmingw32.a(lib32_libmingw32_a-pseudo-reloc-list.o)
 .text          0x00000000004a5e60      0x380 /usr/lib/gcc/i686-w64-mingw32/7.3-win32/../../../../i686-w64-mingw32/lib/../lib/libmingw32.a(lib32_libmingw32_a-pesect.o)
                0x00000000004a5e80                _ValidateImageBase
                0x00000000004a5ea0                _FindPESection
                0x00000000004a5ee0                _FindPESectionByName
                0x00000000004a5f70                __mingw_GetSectionForAddress
                0x00000000004a5fe0                __mingw_GetSectionCount
                0x00000000004a6010                _FindPESectionExec
                0x00000000004a6080                _GetPEImageBase
                0x00000000004a60b0                _IsNonwritableInCurrentImage
                0x00000000004a6130                __mingw_enum_import_library_names
 .text          0x00000000004a61e0       0x2c /usr/lib/gcc/i686-w64-mingw32/7.3-win32/libgcc.a(_chkstk_ms.o)
                0x00000000004a61e0                __chkstk_ms
 .text          0x00000000004a620c        0x0 /usr/lib/gcc/i686-w64-mingw32/7.3-win32/libgcc.a(_ctors.o)
 *fill*         0x00000000004a620c        0x4 
 .text          0x00000000004a6210      0x110 /usr/lib/gcc/i686-w64-mingw32/7.3-win32/libgcc.a(_udivdi3.o)
                0x00000000004a6210                __udivdi3
 .text          0x00000000004a6320       0x40 /usr/lib/gcc/i686-w64-mingw32/7.3-win32/../../../../i686-w64-mingw32/lib/../lib/libmingwex.a(lib32_libmingwex_a-difftime32.o)
                0x00000000004a6320                _difftime32
 .text          0x00000000004a6360      0x370 /usr/lib/gcc/i686-w64-mingw32/7.3-win32/../../../../i686-w64-mingw32/lib/../lib/libmingwex.a(lib32_libmingwex_a-mbrtowc.o)
                0x00000000004a64f0                mbrtowc
                0x00000000004a6550                mbsrtowcs
                0x00000000004a6670                mbrlen
 .text          0x00000000004a66d0        0x0 /usr/lib/gcc/i686-w64-mingw32/7.3-win32/../../../../i686-w64-mingw32/lib/../lib/libmingwex.a(lib32_libmingwex_a-mingw_matherr.o)
 .text          0x00000000004a66d0      0x220 /usr/lib/gcc/i686-w64-mingw32/7.3-win32/../../../../i686-w64-mingw32/lib/../lib/libmingwex.a(lib32_libmingwex_a-wassert.o)
                0x00000000004a66d0                _wassert
                0x00000000004a6830                _assert
 .text          0x00000000004a68f0      0x200 /usr/lib/gcc/i686-w64-mingw32/7.3-win32/../../../../i686-w64-mingw32/lib/../lib/libmingwex.a(lib32_libmingwex_a-wcrtomb.o)
                0x00000000004a6990                wcrtomb
                0x00000000004a69e0                wcsrtombs
 .text          0x00000000004a6af0       0x50 /usr/lib/gcc/i686-w64-mingw32/7.3-win32/../../../../i686-w64-mingw32/lib/../lib/libmingwex.a(lib32_libmingwex_a-mingw_vfprintf.o)
                0x00000000004a6af0                __mingw_vfprintf
 .text          0x00000000004a6b40     0x31d0 /usr/lib/gcc/i686-w64-mingw32/7.3-win32/../../../../i686-w64-mingw32/lib/../lib/libmingwex.a(lib32_libmingwex_a-mingw_vfscanf.o)
                0x00000000004a9c70                __mingw_vfscanf
                0x00000000004a9cc0                __mingw_vsscanf
 .text          0x00000000004a9d10       0x80 /usr/lib/gcc/i686-w64-mingw32/7.3-win32/../../../../i686-w64-mingw32/lib/../lib/libmingwex.a(lib32_libmingwex_a-mingw_vsnprintf.o)
                0x00000000004a9d10                __mingw_vsnprintf
 .text          0x00000000004a9d90       0x40 /usr/lib/gcc/i686-w64-mingw32/7.3-win32/../../../../i686-w64-mingw32/lib/../lib/libmingwex.a(lib32_libmingwex_a-mingw_vsprintf.o)
                0x00000000004a9d90                __mingw_vsprintf
 .text          0x00000000004a9dd0       0xb0 /usr/lib/gcc/i686-w64-mingw32/7.3-win32/../../../../i686-w64-mingw32/lib/../lib/libmingwex.a(lib32_libmingwex_a-strtof.o)
                0x00000000004a9dd0                __mingw_strtof
                0x00000000004a9dd0                __strtof
 .text          0x00000000004a9e80       0xd0 /usr/lib/gcc/i686-w64-mingw32/7.3-win32/../../../../i686-w64-mingw32/lib/../lib/libmingwex.a(lib32_libmingwex_a-strtopx.o)
                0x00000000004a9e80                __strtold
                0x00000000004a9e80                __mingw_strtold
 .text          0x00000000004a9f50      0x310 /usr/lib/gcc/i686-w64-mingw32/7.3-win32/../../../../i686-w64-mingw32/lib/../lib/libmingwex.a(lib32_libmingwex_a-strtoimax.o)
                0x00000000004a9f50                strtoimax
                0x00000000004a9f50                strtoll
 .text          0x00000000004aa260      0x2b0 /usr/lib/gcc/i686-w64-mingw32/7.3-win32/../../../../i686-w64-mingw32/lib/../lib/libmingwex.a(lib32_libmingwex_a-strtoumax.o)
                0x00000000004aa260                strtoull
                0x00000000004aa260                strtoumax
 .text          0x00000000004aa510     0x2260 /usr/lib/gcc/i686-w64-mingw32/7.3-win32/../../../../i686-w64-mingw32/lib/../lib/libmingwex.a(lib32_libmingwex_a-mingw_pformat.o)
                0x00000000004abde0                __mingw_pformat
 .text          0x00000000004ac770      0x2d0 /usr/lib/gcc/i686-w64-mingw32/7.3-win32/../../../../i686-w64-mingw32/lib/../lib/libmingwex.a(lib32_libmingwex_a-dmisc.o)
                0x00000000004ac770                __rv_alloc_D2A
                0x00000000004ac7b0                __nrv_alloc_D2A
                0x00000000004ac830                __freedtoa
                0x00000000004ac850                __quorem_D2A
 .text          0x00000000004aca40     0x1630 /usr/lib/gcc/i686-w64-mingw32/7.3-win32/../../../../i686-w64-mingw32/lib/../lib/libmingwex.a(lib32_libmingwex_a-gdtoa.o)
                0x00000000004aca40                __gdtoa
 .text          0x00000000004ae070      0x160 /usr/lib/gcc/i686-w64-mingw32/7.3-win32/../../../../i686-w64-mingw32/lib/../lib/libmingwex.a(lib32_libmingwex_a-gmisc.o)
                0x00000000004ae070                __rshift_D2A
                0x00000000004ae190                __trailz_D2A
 .text          0x00000000004ae1d0      0xbc0 /usr/lib/gcc/i686-w64-mingw32/7.3-win32/../../../../i686-w64-mingw32/lib/../lib/libmingwex.a(lib32_libmingwex_a-misc.o)